2025-08-24 15:37:00 | DEBUG | repo=a4m36jee-2014-infinispan-seminar | action=commit
2025-09-07 16:56:00 | DEBUG | repo=a4m36jee-2014-infinispan-seminar | action=commit
2025-03-16 16:03:00 | DEBUG | repo=a4m36jee-2014-infinispan-seminar | action=commit
2025-06-18 08:10:00 | WARN | repo=a4m36jee-2014-infinispan-seminar | action=commit
2025-08-09 07:07:00 | DEBUG | repo=a4m36jee-2014-infinispan-seminar | action=commit
2025-01-22 08:03:00 | INFO | repo=a4m36jee-2014-infinispan-seminar | action=edit | files=2
2025-06-20 18:33:00 | WARN | repo=a4m36jee-2014-infinispan-seminar | action=commit
2025-07-21 18:26:00 | INFO | repo=a4m36jee-2014-infinispan-seminar | action=edit | files=2
2025-01-06 19:59:00 | INFO | repo=a4m36jee-2014-infinispan-seminar | action=commit
2025-02-13 15:38:00 | WARN | repo=a4m36jee-2014-infinispan-seminar | action=test | passed=true
2025-02-04 15:25:00 | DEBUG | repo=a4m36jee-2014-infinispan-seminar | action=commit
2025-12-23 20:33:00 | INFO | repo=a4m36jee-2014-infinispan-seminar | action=commit
2025-02-25 08:50:00 | DEBUG | repo=a4m36jee-2014-infinispan-seminar | action=commit
2025-03-28 13:17:00 | WARN | repo=a4m36jee-2014-infinispan-seminar | action=edit | files=4
2025-07-09 21:32:00 | DEBUG | repo=a4m36jee-2014-infinispan-seminar | action=test | passed=true
2025-12-08 08:36:00 | WARN | repo=a4m36jee-2014-infinispan-seminar | action=test | passed=true
2025-11-12 18:55:00 | DEBUG | repo=a4m36jee-2014-infinispan-seminar | action=commit
2025-07-02 19:11:00 | INFO | repo=a4m36jee-2014-infinispan-seminar | action=edit | files=4
2025-11-15 21:59:00 | INFO | repo=a4m36jee-2014-infinispan-seminar | action=pull
2025-02-14 11:21:00 | DEBUG | repo=a4m36jee-2014-infinispan-seminar | action=test | passed=true
2025-08-18 16:21:00 | INFO | repo=a4m36jee-2014-infinispan-seminar | action=commit
2025-05-08 08:04:00 | DEBUG | repo=a4m36jee-2014-infinispan-seminar | action=commit
